// Jest Snapshot v1, https://goo.gl/fbAQLP

exports[` 1`] = `
<Memo(PostAttachmentOpenGraph)
  actions={
    Object {
      "editPost": [MockFunction],
    }
  }
  currentUserId="1234"
  enableLinkPreviews={true}
  isEmbedVisible={true}
  isInPermalink={true}
  link="http://mattermost.com"
  openGraphData={
    Object {
      "description": "description",
      "images": Array [
        Object {
          "secure_url": "",
          "url": "http://mattermost.com/OpenGraphImage.jpg",
        },
      ],
      "site_name": "Mattermost",
      "title": "Mattermost Private Cloud Messaging",
    }
  }
  post={
    Object {
      "channel_id": "channel_id",
      "create_at": 1,
      "id": "post_id_1",
      "message": "https://mattermost.com",
      "metadata": Object {
        "images": Object {
          "http://mattermost.com/OpenGraphImage.jpg": Object {
            "format": "png",
            "frameCount": 0,
            "height": 100,
            "width": 100,
          },
        },
      },
      "root_id": "root_id",
    }
  }
  postId=""
  previewEnabled={true}
  toggleEmbedVisibility={[MockFunction]}
>
  <a
    className="PostAttachmenOpenGraph"
    href="http://mattermost.com"
    rel="noopener noreferrer"
    role="link"
    target="_blank"
    title="Mattermost Private Cloud Messaging"
  >
    <Memo()
      description="description"
      isInPermalink={true}
      siteName="Mattermost"
      title="Mattermost Private Cloud Messaging"
    >
      <div
        className="PostAttachmenOpenGraph__body inPermalink"
      >
        <span
          className="title"
        >
          Mattermost Private Cloud Messaging
        </span>
        <span
          className="description"
        >
          description
        </span>
      </div>
    </Memo()>
    <Memo()
      collapsed={false}
      isInPermalink={true}
      large={false}
      src="http://mattermost.com/OpenGraphImage.jpg"
      title="Mattermost Private Cloud Messaging"
      toggleImagePreviewHandler={[Function]}
    />
  </a>
</Memo(PostAttachmentOpenGraph)>
`;
